// Jest Snapshot v1, https://goo.gl/fbAQLP

exports[`Editable Component to match snapshot 1`] = `
ShallowWrapper {
  Symbol(enzyme.__root__): [Circular],
  Symbol(enzyme.__unrendered__): <Editable
    autoFocus={true}
    maxLength={5}
    minLength={1}
    onChange={[MockFunction]}
    placeholder="value"
    value="example value"
  />,
  Symbol(enzyme.__renderer__): Object {
    "batchedUpdates": [Function],
    "getNode": [Function],
    "render": [Function],
    "simulateError": [Function],
    "simulateEvent": [Function],
    "unmount": [Function],
  },
  Symbol(enzyme.__node__): Object {
    "instance": null,
    "key": undefined,
    "nodeType": "host",
    "props": Object {
      "children": Array [
        <div
          className="editable__input"
          contentEditable={true}
          defaultValue="example value"
          onBlur={[Function]}
          onInput={[Function]}
          placeholder="value"
        />,
        false,
      ],
      "className": "editable__wrapper",
    },
    "ref": null,
    "rendered": Array [
      Object {
        "instance": null,
        "key": undefined,
        "nodeType": "host",
        "props": Object {
          "className": "editable__input",
          "contentEditable": true,
          "defaultValue": "example value",
          "onBlur": [Function],
          "onInput": [Function],
          "placeholder": "value",
        },
        "ref": Object {
          "current": null,
        },
        "rendered": null,
        "type": "div",
      },
      false,
    ],
    "type": "div",
  },
  Symbol(enzyme.__nodes__): Array [
    Object {
      "instance": null,
      "key": undefined,
      "nodeType": "host",
      "props": Object {
        "children": Array [
          <div
            className="editable__input"
            contentEditable={true}
            defaultValue="example value"
            onBlur={[Function]}
            onInput={[Function]}
            placeholder="value"
          />,
          false,
        ],
        "className": "editable__wrapper",
      },
      "ref": null,
      "rendered": Array [
        Object {
          "instance": null,
          "key": undefined,
          "nodeType": "host",
          "props": Object {
            "className": "editable__input",
            "contentEditable": true,
            "defaultValue": "example value",
            "onBlur": [Function],
            "onInput": [Function],
            "placeholder": "value",
          },
          "ref": Object {
            "current": null,
          },
          "rendered": null,
          "type": "div",
        },
        false,
      ],
      "type": "div",
    },
  ],
  Symbol(enzyme.__options__): Object {
    "adapter": ReactSixteenAdapter {
      "options": Object {
        "enableComponentDidUpdateOnSetState": true,
        "lifecycles": Object {
          "componentDidUpdate": Object {
            "onSetState": true,
          },
          "getDerivedStateFromProps": true,
          "getSnapshotBeforeUpdate": true,
          "setState": Object {
            "skipsComponentDidUpdateOnNullish": true,
          },
        },
      },
    },
    "attachTo": undefined,
    "hydrateIn": undefined,
  },
}
`;
