// Jest Snapshot v1, https://goo.gl/fbAQLP

exports[`Lanes Reducer snapshot should match a snapshot 1`] = `
Object {
  "allIds": Array [],
  "byId": Object {},
}
`;
